Unsupported: Left "Cannot run 'qLocation' with TestQ"
