Unsupported: Left "Cannot run 'qGetQ' with TestQ"
