Unsupported: Left "Cannot run 'qReifyAnnotations' with TestQ"
