Unsupported: Left "Cannot run 'qAddTopDecls' with TestQ"
