Unsupported: Left "Cannot run 'qIsExtEnabled' with TestQ"
