Found: Right (AppT (AppT ArrowT StarT) StarT)

Missing: Left "Cannot reify GHC.Show.Show (did you mean to add it to reifyInfo?)"
