Unsupported: Left "Cannot run 'qAddForeignFile' with TestQ"
