Unsupported: Left "Cannot run 'qAddForeignFilePath' with TestQ"
