Unsupported: Left "Cannot run 'qReifyModule' with TestQ"
