Unsupported: Left "Cannot run 'qPutQ' with TestQ"
