Unsupported: Left "Cannot run 'qExtsEnabled' with TestQ"
