Unsupported: Left "Cannot run 'qReifyInstances' with TestQ"
