Unsupported: Left "Cannot run 'qAddTempFile' with TestQ"
