Unsupported: Left "Cannot run 'qAddModFinalizer' with TestQ"
