Unsupported: Left "Cannot run 'qReifyConStrictness' with TestQ"
