Unsupported: Left "Cannot run 'qAddDependentFile' with TestQ"
