Unsupported: Left "Cannot run 'qAddCorePlugin' with TestQ"
